================================================================
[标定] 幂律保水本构 p_c=p*(1−S)/S^q，参数 (p*, q, Π_τ)，多起点 …
  起点 [1.0, 0.8, 0.0, 4.0]: p*=9.96e+03 q=0.1500 Π_τ=0.00103 tau_exp=0.889 RMSE=0.73 mm (180s)
  起点 [2.0, 0.5, -1.0, 6.0]: p*=9.89e+03 q=0.1500 Π_τ=0.001 tau_exp=0.290 RMSE=0.73 mm (109s)
  起点 [0.5, 0.9, 1.0, 8.0]: p*=9.98e+03 q=0.1500 Π_τ=0.00166 tau_exp=2.338 RMSE=0.73 mm (182s)
  起点 [1.5, 0.6, 0.0, 2.0]: p*=9.98e+03 q=0.1500 Π_τ=0.001 tau_exp=0.123 RMSE=0.73 mm (125s)
[标定] 最优: p*=9979, q=0.1500, Π_τ=0.001, tau_exp=0.1234, RMSE=0.73 mm
[生产] 拟合参数全程运行（dt=600 s）…
[生产] RMSE=0.70 mm，max|偏差|=1.94 mm，lag-1=0.986
       分段 RMSE: 急缩 1.39 / 缓缩 1.21 / 平台 0.26 mm
       滞后交叉: data≈0.0 h, pred≈0.0 h；平台: data 1.198 vs pred 1.1584 cm
       t_f(耦合): 穿越区间 [213000, 213600] s = 59.3333 h（半经验内生 50.5369 / 附件2外生 50.8230 h）
       末期孔隙率(表面单元): 46.7%（附件2 独立推 ~31%）
[验证] 7 条退化检查（拟合本构）…
  i_nojump = 0.000e+00
  ii_elastic = 1.716e-02
  iii_vs_ii = 5.541e-15
  iv_frozen = 4.138e-11
  v_affine = 4.879e-15
  vi_growth = 2.168e-16
  vii_gmin = 1.320e-01
[验证] 留出法（奇偶折半）…
  偶→奇: 训练 0.76 / 留出 0.76 mm，参数 p*=1e+04 q=0.154 Π_τ=0.001 tau_exp=0.48
  奇→偶: 训练 0.76 / 留出 0.76 mm，参数 p*=1e+04 q=0.156 Π_τ=0.001 tau_exp=0.60
[验证] 块 bootstrap（B=20，块长 24，dt=1800 粗算）…
  p*: 标定 9979，95% CI [9.34, 1e+04]
  q: 标定 0.15，95% CI [0.15, 0.98]
  Π_τ: 标定 0.001，95% CI [0.001, 642]
  tau_exp: 标定 0.1234，95% CI [0.000105, 10]
[完成] 总耗时 2298 s
written: 08-临时/mechMain_fit.png
