T_DRY = 1.590e+05 s = 44.2 h
[退化检查] 运行中 …
  i_nojump = 0.000e+00
  ii_elastic_R_end = 1.843e-02
  iii_vs_ii_maxdR = 5.425e-11
  iv_maxZ_over_Emax = 1.539e-11
  v_affine_relerr = 4.879e-15
  vi_growth_relerr = 2.168e-16
  vii_gmin_all = nan
[情景] Π_c × Π_τ 扫描 …
  Π_c= 0.2 Π_τ=   0.01: RMSE=0.697 cm (急缩 0.281 / 缓缩 0.657 / 平台 0.730) g_min=1.68e-01 R_end=1.930 cm (5s)
  Π_c= 0.2 Π_τ=   1.00: RMSE=0.715 cm (急缩 0.287 / 缓缩 0.675 / 平台 0.748) g_min=1.70e-01 R_end=1.949 cm (5s)
  Π_c= 0.2 Π_τ= 100.00: RMSE=0.716 cm (急缩 0.287 / 缓缩 0.675 / 平台 0.749) g_min=1.70e-01 R_end=1.949 cm (5s)
  Π_c= 1.0 Π_τ=   0.01: RMSE=0.542 cm (急缩 0.222 / 缓缩 0.508 / 平台 0.568) g_min=1.62e-01 R_end=1.768 cm (4s)
  Π_c= 1.0 Π_τ=   1.00: RMSE=0.582 cm (急缩 0.235 / 缓缩 0.547 / 平台 0.610) g_min=1.64e-01 R_end=1.809 cm (4s)
  Π_c= 1.0 Π_τ= 100.00: RMSE=0.583 cm (急缩 0.236 / 缓缩 0.548 / 平台 0.611) g_min=1.64e-01 R_end=1.811 cm (4s)
  Π_c= 5.0 Π_τ=   0.01: RMSE=0.303 cm (急缩 0.136 / 缓缩 0.278 / 平台 0.318) g_min=1.65e-01 R_end=1.517 cm (4s)
  Π_c= 5.0 Π_τ=   1.00: RMSE=0.336 cm (急缩 0.146 / 缓缩 0.310 / 平台 0.353) g_min=1.64e-01 R_end=1.552 cm (4s)
  Π_c= 5.0 Π_τ= 100.00: RMSE=0.337 cm (急缩 0.147 / 缓缩 0.311 / 平台 0.354) g_min=1.64e-01 R_end=1.553 cm (4s)
  (vii) 全部情景 g_min = 1.623e-01（≥ −1e-10 即通过）
[情景] 初始孔隙率 ± 传播 …
  φ_g0=0.1000: RMSE=0.542 cm, R_end=1.767 cm
  φ_g0=0.3000: RMSE=0.641 cm, R_end=1.871 cm
[核对] 中央情景 M=48/dt=450 收敛性 …
  M=48/dt=450: RMSE=0.582 cm（vs M=16/dt=900 的 0.582 cm）
[完成] 总耗时 72 s
written: 08-临时/mechA_scenarios.png
